---
http_interactions:
- request:
    method: post
    uri: http://192.168.56.2/zabbix/api_jsonrpc.php
    body:
      encoding: UTF-8
      string: '{"method":"apiinfo.version","params":{},"auth":"758c5132a40395da60544bf2a6c47ad0","id":60370,"jsonrpc":"2.0"}'
    headers:
      Accept-Encoding:
      - gzip;q=1.0,deflate;q=0.6,identity;q=0.3
      Accept:
      - "*/*"
      User-Agent:
      - Ruby
      Content-Type:
      - application/json-rpc
  response:
    status:
      code: 200
      message: OK
    headers:
      Date:
      - Thu, 14 May 2015 05:58:43 GMT
      Server:
      - Apache/2.2.22 (Linux/SUSE)
      X-Powered-By:
      - PHP/5.3.17
      Content-Length:
      - '45'
      Content-Type:
      - application/json
    body:
      encoding: UTF-8
      string: '{"jsonrpc":"2.0","result":"4.0.0","id":60370}'
    http_version: 
  recorded_at: Thu, 14 May 2015 13:30:02 GMT
- request:
    method: post
    uri: http://192.168.56.2/zabbix/api_jsonrpc.php
    body:
      encoding: UTF-8
      string: '{"method":"user.authenticate","params":{"user":"Admin","password":"zabbix"},"auth":null,"id":82510,"jsonrpc":"2.0"}'
    headers:
      Accept-Encoding:
      - gzip;q=1.0,deflate;q=0.6,identity;q=0.3
      Accept:
      - "*/*"
      User-Agent:
      - Ruby
      Content-Type:
      - application/json-rpc
  response:
    status:
      code: 200
      message: OK
    headers:
      Date:
      - Thu, 14 May 2015 05:58:43 GMT
      Server:
      - Apache/2.2.22 (Linux/SUSE)
      X-Powered-By:
      - PHP/5.3.17
      Content-Length:
      - '72'
      Content-Type:
      - application/json
    body:
      encoding: UTF-8
      string: '{"jsonrpc":"2.0","result":"758c5132a40395da60544bf2a6c47ad0","id":82510}'
    http_version: 
  recorded_at: Thu, 14 May 2015 13:30:02 GMT
- request:
    method: post
    uri: http://192.168.56.2/zabbix/api_jsonrpc.php
    body:
      encoding: UTF-8
      string: '{"method":"maintenance.create","params":{"name":"capistrano auto maintenance","active_since":1431610002,"active_till":1431696802,"groupids":[2],"timeperiods":[{"period":3600}]},"auth":"758c5132a40395da60544bf2a6c47ad0","id":23900,"jsonrpc":"2.0"}'
    headers:
      Accept-Encoding:
      - gzip;q=1.0,deflate;q=0.6,identity;q=0.3
      Accept:
      - "*/*"
      User-Agent:
      - Ruby
      Content-Type:
      - application/json-rpc
  response:
    status:
      code: 200
      message: OK
    headers:
      Date:
      - Thu, 14 May 2015 05:58:43 GMT
      Server:
      - Apache/2.2.22 (Linux/SUSE)
      X-Powered-By:
      - PHP/5.3.17
      Content-Length:
      - '63'
      Content-Type:
      - application/json
    body:
      encoding: UTF-8
      string: '{"jsonrpc":"2.0","result":{"maintenanceids":["19"]},"id":23900}'
    http_version: 
  recorded_at: Thu, 14 May 2015 13:30:02 GMT
- request:
    method: post
    uri: http://192.168.56.2/zabbix/api_jsonrpc.php
    body:
      encoding: UTF-8
      string: '{"method":"maintenance.get","params":{"search":{"name":"capistrano
        auto maintenance"}},"auth":"758c5132a40395da60544bf2a6c47ad0","id":66985,"jsonrpc":"2.0"}'
    headers:
      Accept-Encoding:
      - gzip;q=1.0,deflate;q=0.6,identity;q=0.3
      Accept:
      - "*/*"
      User-Agent:
      - Ruby
      Content-Type:
      - application/json-rpc
  response:
    status:
      code: 200
      message: OK
    headers:
      Date:
      - Thu, 14 May 2015 05:58:43 GMT
      Server:
      - Apache/2.2.22 (Linux/SUSE)
      X-Powered-By:
      - PHP/5.3.17
      Content-Length:
      - '62'
      Content-Type:
      - application/json
    body:
      encoding: UTF-8
      string: '{"jsonrpc":"2.0","result":[{"maintenanceid":"19"}],"id":66985}'
    http_version: 
  recorded_at: Thu, 14 May 2015 13:30:02 GMT
- request:
    method: post
    uri: http://192.168.56.2/zabbix/api_jsonrpc.php
    body:
      encoding: UTF-8
      string: '{"method":"maintenance.delete","params":[19],"auth":"758c5132a40395da60544bf2a6c47ad0","id":96698,"jsonrpc":"2.0"}'
    headers:
      Accept-Encoding:
      - gzip;q=1.0,deflate;q=0.6,identity;q=0.3
      Accept:
      - "*/*"
      User-Agent:
      - Ruby
      Content-Type:
      - application/json-rpc
  response:
    status:
      code: 200
      message: OK
    headers:
      Date:
      - Thu, 14 May 2015 05:58:43 GMT
      Server:
      - Apache/2.2.22 (Linux/SUSE)
      X-Powered-By:
      - PHP/5.3.17
      Content-Length:
      - '61'
      Content-Type:
      - application/json
    body:
      encoding: UTF-8
      string: '{"jsonrpc":"2.0","result":{"maintenanceids":[19]},"id":96698}'
    http_version: 
  recorded_at: Thu, 14 May 2015 13:30:02 GMT
recorded_with: VCR 2.9.3
